Component: ARM Compiler 6.14.1 Tool: armlink [5db06d00]

==============================================================================

Section Cross References

    adc_routines.o(sdata) refers (Special) to convrt.o(routines) for CONVRT
    adc_routines.o(sdata) refers (Special) to init_mem.o(routines) for INIT_MEM
    adc_routines.o(sdata) refers (Special) to outstr.o(.text) for OutStr
    adc_routines.o(routines) refers (Special) to convrt.o(routines) for CONVRT
    adc_routines.o(routines) refers (Special) to init_mem.o(routines) for INIT_MEM
    adc_routines.o(routines) refers (Special) to outstr.o(.text) for OutStr
    adc_routines.o(routines) refers to delays.o(routines) for DELAY100
    main.o(main) refers (Special) to delays.o(routines) for DELAY100
    main.o(main) refers (Special) to motor_routines.o(routines) for My_WTimer0A_Handler
    main.o(main) refers to hcsr04_routines.o(routines) for DETECT_INIT
    main.o(main) refers to st_ctrl.o(routines) for SWITCH_INIT
    main.o(main) refers to adc_routines.o(routines) for AIN0_INIT
    main.o(main) refers to spi_routines.o(routines) for SPI_INIT
    main.o(main) refers to initsystick.o(routines) for InitSysTick
    motor_routines.o(routines) refers to delays.o(routines) for DELAY100
    spi_routines.o(sdata) refers (Special) to outstr.o(.text) for OutStr
    spi_routines.o(routines) refers (Special) to outstr.o(.text) for OutStr
    spi_routines.o(routines) refers to init_mem.o(routines) for INIT_MEM
    spi_routines.o(routines) refers to delays.o(routines) for DELAY100
    spi_routines.o(routines) refers to convrt.o(routines) for CONVRT
    spi_routines.o(routines) refers to spi_routines.o(sdata) for MEAS
    st_ctrl.o(routines) refers to delays.o(routines) for DELAY100
    startup.o(STACK) refers (Special) to heapauxi.o(.text) for __use_two_region_memory
    startup.o(HEAP) refers (Special) to heapauxi.o(.text) for __use_two_region_memory
    startup.o(RESET) refers (Special) to heapauxi.o(.text) for __use_two_region_memory
    startup.o(RESET) refers to startup.o(STACK) for StackMem
    startup.o(RESET) refers to motor_routines.o(routines) for My_WTimer0A_Handler
    startup.o(RESET) refers to main.o(main) for __main
    startup.o(RESET) refers to initsystick.o(routines) for My_ST_ISR
    startup.o(.text) refers (Special) to heapauxi.o(.text) for __use_two_region_memory
    startup.o(.text) refers to startup.o(HEAP) for HeapMem
    startup.o(.text) refers to startup.o(STACK) for StackMem
    hcsr04_routines.o(routines) refers to delays.o(routines) for DELAY100


==============================================================================

Removing Unused input sections from the image.

    Removing adc_routines.o(sdata), (7 bytes).
    Removing startup.o(HEAP), (0 bytes).
    Removing startup.o(.text), (48 bytes).

3 unused section(s) (total 55 bytes) removed from the image.

==============================================================================

Image Symbol Table

    Local Symbols

    Symbol Name                              Value     Ov Type        Size  Object(Section)

    ../clib/heapaux.c                        0x00000000   Number         0  heapauxi.o ABSOLUTE
    ADC_ROUTINES.s                           0x00000000   Number         0  adc_routines.o ABSOLUTE
    CONVRT.s                                 0x00000000   Number         0  convrt.o ABSOLUTE
    DELAYS.s                                 0x00000000   Number         0  delays.o ABSOLUTE
    HCSR04_ROUTINES.s                        0x00000000   Number         0  hcsr04_routines.o ABSOLUTE
    INIT_MEM.s                               0x00000000   Number         0  init_mem.o ABSOLUTE
    InitSysTick.s                            0x00000000   Number         0  initsystick.o ABSOLUTE
    MOTOR_ROUTINES.s                         0x00000000   Number         0  motor_routines.o ABSOLUTE
    OutStr.s                                 0x00000000   Number         0  outstr.o ABSOLUTE
    SPI_ROUTINES.s                           0x00000000   Number         0  spi_routines.o ABSOLUTE
    ST_CTRL.s                                0x00000000   Number         0  st_ctrl.o ABSOLUTE
    Startup.s                                0x00000000   Number         0  startup.o ABSOLUTE
    dc.s                                     0x00000000   Number         0  dc.o ABSOLUTE
    main.s                                   0x00000000   Number         0  main.o ABSOLUTE
    RESET                                    0x00000000   Section      648  startup.o(RESET)
    $v0                                      0x0000026c   Number         0  startup.o(RESET)
    $v0                                      0x00000288   Number         0  outstr.o(.text)
    .text                                    0x00000288   Section      236  outstr.o(.text)
    .text                                    0x00000374   Section        0  heapauxi.o(.text)
    $v0                                      0x0000037c   Number         0  main.o(main)
    main                                     0x0000037c   Section      336  main.o(main)
    $v0                                      0x000004cc   Number         0  adc_routines.o(routines)
    routines                                 0x000004cc   Section      424  adc_routines.o(routines)
    $v0                                      0x00000674   Number         0  convrt.o(routines)
    routines                                 0x00000674   Section      136  convrt.o(routines)
    $v0                                      0x000006fc   Number         0  delays.o(routines)
    routines                                 0x000006fc   Section       76  delays.o(routines)
    $v0                                      0x00000748   Number         0  init_mem.o(routines)
    routines                                 0x00000748   Section     3810  init_mem.o(routines)
    $v0                                      0x0000162c   Number         0  motor_routines.o(routines)
    routines                                 0x0000162c   Section      524  motor_routines.o(routines)
    $v0                                      0x00001838   Number         0  spi_routines.o(routines)
    routines                                 0x00001838   Section      884  spi_routines.o(routines)
    CMD5110                                  0x000018cd   Thumb Code    36  spi_routines.o(routines)
    TX                                       0x000018f1   Thumb Code    20  spi_routines.o(routines)
    CLR_SCR                                  0x00001963   Thumb Code    40  spi_routines.o(routines)
    Str2Disp                                 0x00001afd   Thumb Code    60  spi_routines.o(routines)
    $v0                                      0x00001bac   Number         0  st_ctrl.o(routines)
    routines                                 0x00001bac   Section      308  st_ctrl.o(routines)
    $v0                                      0x00001ce0   Number         0  hcsr04_routines.o(routines)
    routines                                 0x00001ce0   Section      340  hcsr04_routines.o(routines)
    $v0                                      0x00001e34   Number         0  initsystick.o(routines)
    routines                                 0x00001e34   Section       64  initsystick.o(routines)
    STAR                                     0x00001e74   Data           4  spi_routines.o(sdata)
    sdata                                    0x00001e74   Section       83  spi_routines.o(sdata)
    STARS                                    0x00001e79   Data          13  spi_routines.o(sdata)
    MEAS                                     0x00001e87   Data           6  spi_routines.o(sdata)
    THRE                                     0x00001e8e   Data           6  spi_routines.o(sdata)
    MM                                       0x00001e97   Data           4  spi_routines.o(sdata)
    ARROW                                    0x00001e9c   Data           3  spi_routines.o(sdata)
    CAR                                      0x00001ea0   Data           4  spi_routines.o(sdata)
    ST_N                                     0x00001ea5   Data          11  spi_routines.o(sdata)
    ST_T                                     0x00001eb1   Data          11  spi_routines.o(sdata)
    ST_B                                     0x00001ebd   Data           9  spi_routines.o(sdata)
    StackMem                                 0x20000000   Data           0  startup.o(STACK)
    STACK                                    0x20000000   Section     1024  startup.o(STACK)

    Global Symbols

    Symbol Name                              Value     Ov Type        Size  Object(Section)

    BuildAttributes$$THM_ISAv4$E$P$D$K$B$S$7EM$VFPi3$EXTD16$VFPS$VFMA$PE$A:L22UL41UL21$X:L11$S22US41US21$IEEE1$IW$~IW$USESV6$~STKCKD$USESV7$~SHL$OSPACE$ROPI$EBA8$STANDARDLIB$REQ8$EABIv2 0x00000000   Number         0  anon$$obj.o ABSOLUTE
    __Vectors                                0x00000000   Data           0  startup.o(RESET)
    Reset_Handler                            0x0000026d   Thumb Code     0  startup.o(RESET)
    NMI_Handler                              0x00000271   Thumb Code     2  startup.o(RESET)
    HardFault_Handler                        0x00000273   Thumb Code     2  startup.o(RESET)
    MemManage_Handler                        0x00000275   Thumb Code     2  startup.o(RESET)
    BusFault_Handler                         0x00000277   Thumb Code     2  startup.o(RESET)
    UsageFault_Handler                       0x00000279   Thumb Code     2  startup.o(RESET)
    SVC_Handler                              0x0000027b   Thumb Code     2  startup.o(RESET)
    DebugMon_Handler                         0x0000027d   Thumb Code     2  startup.o(RESET)
    PendSV_Handler                           0x0000027f   Thumb Code     2  startup.o(RESET)
    SysTick_Handler                          0x00000281   Thumb Code     4  startup.o(RESET)
    ADC0Seq0_Handler                         0x00000285   Thumb Code     0  startup.o(RESET)
    ADC0Seq1_Handler                         0x00000285   Thumb Code     0  startup.o(RESET)
    ADC0Seq2_Handler                         0x00000285   Thumb Code     0  startup.o(RESET)
    ADC0Seq3_Handler                         0x00000285   Thumb Code     0  startup.o(RESET)
    ADC1Seq0_Handler                         0x00000285   Thumb Code     0  startup.o(RESET)
    ADC1Seq1_Handler                         0x00000285   Thumb Code     0  startup.o(RESET)
    ADC1Seq2_Handler                         0x00000285   Thumb Code     0  startup.o(RESET)
    ADC1Seq3_Handler                         0x00000285   Thumb Code     0  startup.o(RESET)
    CAN0_Handler                             0x00000285   Thumb Code     0  startup.o(RESET)
    CAN1_Handler                             0x00000285   Thumb Code     0  startup.o(RESET)
    CAN2_Handler                             0x00000285   Thumb Code     0  startup.o(RESET)
    Comp0_Handler                            0x00000285   Thumb Code     0  startup.o(RESET)
    Comp1_Handler                            0x00000285   Thumb Code     0  startup.o(RESET)
    Comp2_Handler                            0x00000285   Thumb Code     0  startup.o(RESET)
    Ethernet_Handler                         0x00000285   Thumb Code     0  startup.o(RESET)
    ExtBus_Handler                           0x00000285   Thumb Code     0  startup.o(RESET)
    FPU_Handler                              0x00000285   Thumb Code     0  startup.o(RESET)
    Fan0_Handler                             0x00000285   Thumb Code     0  startup.o(RESET)
    FlashCtl_Handler                         0x00000285   Thumb Code     0  startup.o(RESET)
    GPIOPortA_Handler                        0x00000285   Thumb Code     0  startup.o(RESET)
    GPIOPortB_Handler                        0x00000285   Thumb Code     0  startup.o(RESET)
    GPIOPortC_Handler                        0x00000285   Thumb Code     0  startup.o(RESET)
    GPIOPortD_Handler                        0x00000285   Thumb Code     0  startup.o(RESET)
    GPIOPortE_Handler                        0x00000285   Thumb Code     0  startup.o(RESET)
    GPIOPortF_Handler                        0x00000285   Thumb Code     0  startup.o(RESET)
    GPIOPortG_Handler                        0x00000285   Thumb Code     0  startup.o(RESET)
    GPIOPortH_Handler                        0x00000285   Thumb Code     0  startup.o(RESET)
    GPIOPortJ_Handler                        0x00000285   Thumb Code     0  startup.o(RESET)
    GPIOPortK_Handler                        0x00000285   Thumb Code     0  startup.o(RESET)
    GPIOPortL_Handler                        0x00000285   Thumb Code     0  startup.o(RESET)
    GPIOPortM_Handler                        0x00000285   Thumb Code     0  startup.o(RESET)
    GPIOPortN_Handler                        0x00000285   Thumb Code     0  startup.o(RESET)
    GPIOPortP1_Handler                       0x00000285   Thumb Code     0  startup.o(RESET)
    GPIOPortP2_Handler                       0x00000285   Thumb Code     0  startup.o(RESET)
    GPIOPortP3_Handler                       0x00000285   Thumb Code     0  startup.o(RESET)
    GPIOPortP4_Handler                       0x00000285   Thumb Code     0  startup.o(RESET)
    GPIOPortP5_Handler                       0x00000285   Thumb Code     0  startup.o(RESET)
    GPIOPortP6_Handler                       0x00000285   Thumb Code     0  startup.o(RESET)
    GPIOPortP7_Handler                       0x00000285   Thumb Code     0  startup.o(RESET)
    GPIOPortP_Handler                        0x00000285   Thumb Code     0  startup.o(RESET)
    GPIOPortQ1_Handler                       0x00000285   Thumb Code     0  startup.o(RESET)
    GPIOPortQ2_Handler                       0x00000285   Thumb Code     0  startup.o(RESET)
    GPIOPortQ3_Handler                       0x00000285   Thumb Code     0  startup.o(RESET)
    GPIOPortQ4_Handler                       0x00000285   Thumb Code     0  startup.o(RESET)
    GPIOPortQ5_Handler                       0x00000285   Thumb Code     0  startup.o(RESET)
    GPIOPortQ6_Handler                       0x00000285   Thumb Code     0  startup.o(RESET)
    GPIOPortQ7_Handler                       0x00000285   Thumb Code     0  startup.o(RESET)
    GPIOPortQ_Handler                        0x00000285   Thumb Code     0  startup.o(RESET)
    GPIOPortR_Handler                        0x00000285   Thumb Code     0  startup.o(RESET)
    GPIOPortS_Handler                        0x00000285   Thumb Code     0  startup.o(RESET)
    Hibernate_Handler                        0x00000285   Thumb Code     0  startup.o(RESET)
    I2C0_Handler                             0x00000285   Thumb Code     0  startup.o(RESET)
    I2C1_Handler                             0x00000285   Thumb Code     0  startup.o(RESET)
    I2C2_Handler                             0x00000285   Thumb Code     0  startup.o(RESET)
    I2C3_Handler                             0x00000285   Thumb Code     0  startup.o(RESET)
    I2C4_Handler                             0x00000285   Thumb Code     0  startup.o(RESET)
    I2C5_Handler                             0x00000285   Thumb Code     0  startup.o(RESET)
    I2S0_Handler                             0x00000285   Thumb Code     0  startup.o(RESET)
    LPC0_Handler                             0x00000285   Thumb Code     0  startup.o(RESET)
    PECI0_Handler                            0x00000285   Thumb Code     0  startup.o(RESET)
    PWM0Fault_Handler                        0x00000285   Thumb Code     0  startup.o(RESET)
    PWM0Generator0_Handler                   0x00000285   Thumb Code     0  startup.o(RESET)
    PWM0Generator1_Handler                   0x00000285   Thumb Code     0  startup.o(RESET)
    PWM0Generator2_Handler                   0x00000285   Thumb Code     0  startup.o(RESET)
    PWM0Generator3_Handler                   0x00000285   Thumb Code     0  startup.o(RESET)
    PWM1Fault_Handler                        0x00000285   Thumb Code     0  startup.o(RESET)
    PWM1Generator0_Handler                   0x00000285   Thumb Code     0  startup.o(RESET)
    PWM1Generator1_Handler                   0x00000285   Thumb Code     0  startup.o(RESET)
    PWM1Generator2_Handler                   0x00000285   Thumb Code     0  startup.o(RESET)
    PWM1Generator3_Handler                   0x00000285   Thumb Code     0  startup.o(RESET)
    Quadrature0_Handler                      0x00000285   Thumb Code     0  startup.o(RESET)
    Quadrature1_Handler                      0x00000285   Thumb Code     0  startup.o(RESET)
    Quadrature2_Handler                      0x00000285   Thumb Code     0  startup.o(RESET)
    SSI0_Handler                             0x00000285   Thumb Code     0  startup.o(RESET)
    SSI1_Handler                             0x00000285   Thumb Code     0  startup.o(RESET)
    SSI2_Handler                             0x00000285   Thumb Code     0  startup.o(RESET)
    SSI3_Handler                             0x00000285   Thumb Code     0  startup.o(RESET)
    SysCtl_Handler                           0x00000285   Thumb Code     0  startup.o(RESET)
    Timer0A_Handler                          0x00000285   Thumb Code     0  startup.o(RESET)
    Timer0B_Handler                          0x00000285   Thumb Code     0  startup.o(RESET)
    Timer1A_Handler                          0x00000285   Thumb Code     0  startup.o(RESET)
    Timer1B_Handler                          0x00000285   Thumb Code     0  startup.o(RESET)
    Timer2A_Handler                          0x00000285   Thumb Code     0  startup.o(RESET)
    Timer2B_Handler                          0x00000285   Thumb Code     0  startup.o(RESET)
    Timer3A_Handler                          0x00000285   Thumb Code     0  startup.o(RESET)
    Timer3B_Handler                          0x00000285   Thumb Code     0  startup.o(RESET)
    Timer4A_Handler                          0x00000285   Thumb Code     0  startup.o(RESET)
    Timer4B_Handler                          0x00000285   Thumb Code     0  startup.o(RESET)
    Timer5A_Handler                          0x00000285   Thumb Code     0  startup.o(RESET)
    Timer5B_Handler                          0x00000285   Thumb Code     0  startup.o(RESET)
    UART0_Handler                            0x00000285   Thumb Code     0  startup.o(RESET)
    UART1_Handler                            0x00000285   Thumb Code     0  startup.o(RESET)
    UART2_Handler                            0x00000285   Thumb Code     0  startup.o(RESET)
    UART3_Handler                            0x00000285   Thumb Code     0  startup.o(RESET)
    UART4_Handler                            0x00000285   Thumb Code     0  startup.o(RESET)
    UART5_Handler                            0x00000285   Thumb Code     0  startup.o(RESET)
    UART6_Handler                            0x00000285   Thumb Code     0  startup.o(RESET)
    UART7_Handler                            0x00000285   Thumb Code     0  startup.o(RESET)
    USB0_Handler                             0x00000285   Thumb Code     0  startup.o(RESET)
    WDT_Handler                              0x00000285   Thumb Code     0  startup.o(RESET)
    WideTimer0A_Handler                      0x00000285   Thumb Code     0  startup.o(RESET)
    WideTimer0B_Handler                      0x00000285   Thumb Code     0  startup.o(RESET)
    WideTimer1A_Handler                      0x00000285   Thumb Code     0  startup.o(RESET)
    WideTimer1B_Handler                      0x00000285   Thumb Code     0  startup.o(RESET)
    WideTimer2A_Handler                      0x00000285   Thumb Code     0  startup.o(RESET)
    WideTimer2B_Handler                      0x00000285   Thumb Code     0  startup.o(RESET)
    WideTimer3A_Handler                      0x00000285   Thumb Code     0  startup.o(RESET)
    WideTimer3B_Handler                      0x00000285   Thumb Code     0  startup.o(RESET)
    WideTimer4A_Handler                      0x00000285   Thumb Code     0  startup.o(RESET)
    WideTimer4B_Handler                      0x00000285   Thumb Code     0  startup.o(RESET)
    WideTimer5A_Handler                      0x00000285   Thumb Code     0  startup.o(RESET)
    WideTimer5B_Handler                      0x00000285   Thumb Code     0  startup.o(RESET)
    uDMA_Error                               0x00000285   Thumb Code     0  startup.o(RESET)
    uDMA_Handler                             0x00000285   Thumb Code     0  startup.o(RESET)
    OutStr                                   0x00000289   Thumb Code     0  outstr.o(.text)
    __use_two_region_memory                  0x00000375   Thumb Code     2  heapauxi.o(.text)
    __rt_heap_escrow$2region                 0x00000377   Thumb Code     2  heapauxi.o(.text)
    __rt_heap_expand$2region                 0x00000379   Thumb Code     2  heapauxi.o(.text)
    __main                                   0x0000037d   Thumb Code   288  main.o(main)
    PWM_INIT                                 0x000004cd   Thumb Code   152  adc_routines.o(routines)
    AIN0_INIT                                0x00000565   Thumb Code   146  adc_routines.o(routines)
    DTOA                                     0x000005f7   Thumb Code    28  adc_routines.o(routines)
    CONVRT                                   0x00000675   Thumb Code   136  convrt.o(routines)
    DELAY100                                 0x000006fd   Thumb Code    34  delays.o(routines)
    DELAY100n                                0x0000071f   Thumb Code    36  delays.o(routines)
    INIT_MEM                                 0x00000749   Thumb Code  3810  init_mem.o(routines)
    INIT_TIMER0A                             0x0000162d   Thumb Code   126  motor_routines.o(routines)
    INIT_MOTOR_GPIO                          0x000016ab   Thumb Code    64  motor_routines.o(routines)
    My_WTimer0A_Handler                      0x000016eb   Thumb Code   222  motor_routines.o(routines)
    SPI_INIT                                 0x00001839   Thumb Code   148  spi_routines.o(routines)
    INIT_SCREEN                              0x00001905   Thumb Code    94  spi_routines.o(routines)
    PRINT_INFO                               0x0000198b   Thumb Code   370  spi_routines.o(routines)
    ST_CTRL                                  0x00001bad   Thumb Code   122  st_ctrl.o(routines)
    SWITCH_INIT                              0x00001c27   Thumb Code   130  st_ctrl.o(routines)
    DETECT_INIT                              0x00001ce1   Thumb Code   158  hcsr04_routines.o(routines)
    TRIG_GPIO_INIT                           0x00001d7f   Thumb Code    68  hcsr04_routines.o(routines)
    TRIG                                     0x00001dc3   Thumb Code    40  hcsr04_routines.o(routines)
    InitSysTick                              0x00001e35   Thumb Code    40  initsystick.o(routines)
    My_ST_ISR                                0x00001e5d   Thumb Code     6  initsystick.o(routines)



==============================================================================

Memory Map of the image

  Image Entry point : 0x0000026d

  Load Region LR_1 (Base: 0x00000000, Size: 0x000022c8, Max: 0xffffffff, ABSOLUTE)

    Execution Region ER_RO (Exec base: 0x00000000, Load base: 0x00000000, Size: 0x00001ec8, Max: 0xffffffff, ABSOLUTE)

    Exec Addr    Load Addr    Size         Type   Attr      Idx    E Section Name        Object

    0x00000000   0x00000000   0x00000288   Code   RO           42  * RESET               startup.o
    0x00000288   0x00000288   0x000000ec   Code   RO           28    .text               outstr.o
    0x00000374   0x00000374   0x00000006   Code   RO           59    .text               c_w.l(heapauxi.o)
    0x0000037a   0x0000037a   0x00000002   PAD
    0x0000037c   0x0000037c   0x00000150   Code   RO           20    main                main.o
    0x000004cc   0x000004cc   0x000001a8   Code   RO            2    routines            adc_routines.o
    0x00000674   0x00000674   0x00000088   Code   RO            8    routines            convrt.o
    0x000006fc   0x000006fc   0x0000004c   Code   RO           12    routines            delays.o
    0x00000748   0x00000748   0x00000ee2   Code   RO           16    routines            init_mem.o
    0x0000162a   0x0000162a   0x00000002   PAD
    0x0000162c   0x0000162c   0x0000020c   Code   RO           24    routines            motor_routines.o
    0x00001838   0x00001838   0x00000374   Code   RO           32    routines            spi_routines.o
    0x00001bac   0x00001bac   0x00000134   Code   RO           36    routines            st_ctrl.o
    0x00001ce0   0x00001ce0   0x00000154   Code   RO           49    routines            hcsr04_routines.o
    0x00001e34   0x00001e34   0x00000040   Code   RO           53    routines            initsystick.o
    0x00001e74   0x00001e74   0x00000053   Data   RO           31    sdata               spi_routines.o


    Execution Region ER_RW (Exec base: 0x20000000, Load base: 0x00001ec8, Size: 0x00000400, Max: 0xffffffff, ABSOLUTE)

    Exec Addr    Load Addr    Size         Type   Attr      Idx    E Section Name        Object

    0x20000000   0x00001ec8   0x00000400   Data   RW           40    STACK               startup.o


    Execution Region ER_ZI (Exec base: 0x20000400, Load base: 0x000022c8, Size: 0x00000000, Max: 0xffffffff, ABSOLUTE)

    **** No section assigned to this execution region ****


==============================================================================

Image component sizes


      Code (inc. data)   RO Data    RW Data    ZI Data      Debug   Object Name

       424         98          0          0          0        568   adc_routines.o
       136          0          0          0          0        368   convrt.o
        76          6          0          0          0        388   delays.o
       340         74          0          0          0        528   hcsr04_routines.o
      3810          0          0          0          0       1284   init_mem.o
        64         18          0          0          0        392   initsystick.o
       336         48          0          0          0        420   main.o
       524        112          0          0          0        596   motor_routines.o
       236         54          0          0          0        276   outstr.o
       884        116         83          0          0        804   spi_routines.o
       308         56          0          0          0        468   st_ctrl.o
       648        622          0       1024          0        728   startup.o

    ----------------------------------------------------------------------
      7788       1204         84       1024          0       6820   Object Totals
         0          0          0          0          0          0   (incl. Generated)
         2          0          1          0          0          0   (incl. Padding)

    ----------------------------------------------------------------------

      Code (inc. data)   RO Data    RW Data    ZI Data      Debug   Library Member Name

         6          0          0          0          0        152   heapauxi.o

    ----------------------------------------------------------------------
         8          0          0          0          0        152   Library Totals
         2          0          0          0          0          0   (incl. Padding)

    ----------------------------------------------------------------------

      Code (inc. data)   RO Data    RW Data    ZI Data      Debug   Library Name

         6          0          0          0          0        152   c_w.l

    ----------------------------------------------------------------------
         8          0          0          0          0        152   Library Totals

    ----------------------------------------------------------------------

==============================================================================


      Code (inc. data)   RO Data    RW Data    ZI Data      Debug   

      7796       1204         84       1024          0       5972   Grand Totals
      7796       1204         84       1024          0       5972   ELF Image Totals
      7796       1204         84       1024          0          0   ROM Totals

==============================================================================

    Total RO  Size (Code + RO Data)                 7880 (   7.70kB)
    Total RW  Size (RW Data + ZI Data)              1024 (   1.00kB)
    Total ROM Size (Code + RO Data + RW Data)       8904 (   8.70kB)

==============================================================================

